// Jest Snapshot v1, https://goo.gl/fbAQLP

exports[`config/presets/gitlab fetchJSONFile() returns JSON 1`] = `
Object {
  "from": "api",
}
`;
